// Jest Snapshot v1, https://goo.gl/fbAQLP

exports[`Layout should match the snapshot 1`] = `
<RCTSafeAreaView
  style={
    Array [
      Object {
        "flex": 1,
      },
      undefined,
    ]
  }
>
  <RCTScrollView
    showsVerticalScrollIndicator={false}
  >
    <View>
      <View
        style={
          Array [
            Object {
              "flex": 1,
            },
            Array [
              Object {
                "padding": 37.5,
              },
              undefined,
            ],
          ]
        }
      >
        <Text
          style={
            Array [
              Object {
                "color": "#353434",
                "fontSize": 28.125,
                "fontWeight": "400",
              },
              undefined,
            ]
          }
        >
          Test
        </Text>
      </View>
    </View>
  </RCTScrollView>
</RCTSafeAreaView>
`;
